1  region_rec_diffs
2  region_rec_diffs
3  region_rec_diffs
4  region_rec_diffs
5  region_rec_diffs
6  region_rec_diffs
7  region_rec_diffs
8  region_rec_diffs
9  region_rec_diffs
10  region_rec_diffs
11  region_rec_diffs
12  region_rec_diffs
13  region_rec_diffs
14  region_rec_diffs
15  region_rec_diffs
16  region_rec_diffs
17  region_rec_diffs
18  region_rec_diffs
19  region_rec_diffs
20  region_rec_diffs
21  region_rec_diffs
22  region_rec_diffs
23  region_rec_diffs
24  region_rec_diffs
25  region_rec_diffs
26  region_rec_diffs
27  region_rec_diffs
28  region_rec_diffs
29  region_rec_diffs
30  region_rec_diffs
31  region_rec_diffs
32  region_rec_diffs
33  region_rec_diffs
34  region_rec_diffs
35  region_rec_diffs
36  region_rec_diffs
37  region_rec_diffs
38  region_rec_diffs
39  region_rec_diffs
40  region_rec_diffs
41  region_rec_diffs
42  region_rec_diffs
43  region_rec_diffs
44  region_rec_diffs
45  region_rec_diffs
46  region_rec_diffs
47  region_rec_diffs
48  region_rec_diffs
49  region_rec_diffs
50  region_rec_diffs
51  region_rec_diffs
52  region_rec_diffs
53  region_rec_diffs
54  region_rec_diffs
55  region_rec_diffs
56  region_rec_diffs
57  region_rec_diffs
58  region_rec_diffs
59  region_rec_diffs
60  region_rec_diffs
61  region_rec_diffs
62  region_rec_diffs
63  region_rec_diffs
64  region_rec_diffs
65  region_rec_diffs
66  region_rec_diffs
67  region_rec_diffs
68  region_rec_diffs
69  region_rec_diffs
70  region_rec_diffs
71  region_rec_diffs
72  region_rec_diffs
73  region_rec_diffs
74  region_rec_diffs
75  region_rec_diffs
76  region_rec_diffs
77  region_rec_diffs
78  region_rec_diffs
79  region_rec_diffs
80  region_rec_diffs
81  region_rec_diffs
82  region_rec_diffs
83  region_rec_diffs
84  region_rec_diffs
85  region_rec_diffs
86  region_rec_diffs
87  region_rec_diffs
88  region_rec_diffs
89  region_rec_diffs
90  region_rec_diffs
91  region_rec_diffs
92  region_rec_diffs
93  region_rec_diffs
94  region_rec_diffs
95  region_rec_diffs
96  region_rec_diffs
97  region_rec_diffs
98  region_rec_diffs
99  region_rec_diffs
100  region_rec_diffs
101  region_rec_diffs
102  region_rec_diffs
103  region_rec_diffs
104  region_rec_diffs
105  region_rec_diffs
106  region_rec_diffs
107  region_rec_diffs
108  region_rec_diffs
109  region_rec_diffs
110  region_rec_diffs
111  region_rec_diffs
112  region_rec_diffs
113  region_rec_diffs
114  region_rec_diffs
115  region_rec_diffs
116  region_rec_diffs
117  region_rec_diffs
118  region_rec_diffs
119  region_rec_diffs
120  region_rec_diffs
121  region_rec_diffs
122  region_rec_diffs
123  region_rec_diffs
124  region_rec_diffs
125  region_rec_diffs
126  region_rec_diffs
127  region_rec_diffs
128  region_rec_diffs
129  region_rec_diffs
130  region_rec_diffs
131  region_rec_diffs
132  region_rec_diffs
133  region_rec_diffs
134  region_rec_diffs
135  effort_dev_coffs
136  effort_dev_coffs
137  effort_dev_coffs
138  effort_dev_coffs
139  effort_dev_coffs
140  effort_dev_coffs
141  effort_dev_coffs
142  effort_dev_coffs
143  effort_dev_coffs
144  effort_dev_coffs
145  effort_dev_coffs
146  effort_dev_coffs
147  effort_dev_coffs
148  effort_dev_coffs
149  effort_dev_coffs
150  effort_dev_coffs
151  effort_dev_coffs
152  effort_dev_coffs
153  effort_dev_coffs
154  effort_dev_coffs
155  effort_dev_coffs
156  effort_dev_coffs
157  effort_dev_coffs
158  effort_dev_coffs
159  effort_dev_coffs
160  effort_dev_coffs
161  effort_dev_coffs
162  effort_dev_coffs
163  effort_dev_coffs
164  effort_dev_coffs
165  effort_dev_coffs
166  effort_dev_coffs
167  effort_dev_coffs
168  effort_dev_coffs
169  effort_dev_coffs
170  effort_dev_coffs
171  effort_dev_coffs
172  effort_dev_coffs
173  effort_dev_coffs
174  effort_dev_coffs
175  effort_dev_coffs
176  effort_dev_coffs
177  effort_dev_coffs
178  effort_dev_coffs
179  effort_dev_coffs
180  effort_dev_coffs
181  effort_dev_coffs
182  effort_dev_coffs
183  effort_dev_coffs
184  effort_dev_coffs
185  effort_dev_coffs
186  effort_dev_coffs
187  effort_dev_coffs
188  effort_dev_coffs
189  effort_dev_coffs
190  effort_dev_coffs
191  effort_dev_coffs
192  effort_dev_coffs
193  effort_dev_coffs
194  effort_dev_coffs
195  effort_dev_coffs
196  effort_dev_coffs
197  effort_dev_coffs
198  effort_dev_coffs
199  effort_dev_coffs
200  effort_dev_coffs
201  effort_dev_coffs
202  effort_dev_coffs
203  effort_dev_coffs
204  effort_dev_coffs
205  effort_dev_coffs
206  effort_dev_coffs
207  effort_dev_coffs
208  effort_dev_coffs
209  effort_dev_coffs
210  effort_dev_coffs
211  effort_dev_coffs
212  effort_dev_coffs
213  effort_dev_coffs
214  effort_dev_coffs
215  effort_dev_coffs
216  effort_dev_coffs
217  effort_dev_coffs
218  effort_dev_coffs
219  effort_dev_coffs
220  effort_dev_coffs
221  effort_dev_coffs
222  effort_dev_coffs
223  effort_dev_coffs
224  effort_dev_coffs
225  effort_dev_coffs
226  effort_dev_coffs
227  effort_dev_coffs
228  effort_dev_coffs
229  effort_dev_coffs
230  effort_dev_coffs
231  effort_dev_coffs
232  effort_dev_coffs
233  effort_dev_coffs
234  effort_dev_coffs
235  effort_dev_coffs
236  effort_dev_coffs
237  effort_dev_coffs
238  effort_dev_coffs
239  effort_dev_coffs
240  effort_dev_coffs
241  effort_dev_coffs
242  effort_dev_coffs
243  effort_dev_coffs
244  effort_dev_coffs
245  effort_dev_coffs
246  effort_dev_coffs
247  effort_dev_coffs
248  effort_dev_coffs
249  effort_dev_coffs
250  effort_dev_coffs
251  effort_dev_coffs
252  effort_dev_coffs
253  effort_dev_coffs
254  effort_dev_coffs
255  effort_dev_coffs
256  effort_dev_coffs
257  effort_dev_coffs
258  effort_dev_coffs
259  effort_dev_coffs
260  effort_dev_coffs
261  effort_dev_coffs
262  effort_dev_coffs
263  effort_dev_coffs
264  effort_dev_coffs
265  effort_dev_coffs
266  effort_dev_coffs
267  effort_dev_coffs
268  effort_dev_coffs
269  effort_dev_coffs
270  effort_dev_coffs
271  effort_dev_coffs
272  effort_dev_coffs
273  effort_dev_coffs
274  effort_dev_coffs
275  effort_dev_coffs
276  effort_dev_coffs
277  effort_dev_coffs
278  effort_dev_coffs
279  effort_dev_coffs
280  effort_dev_coffs
281  effort_dev_coffs
282  effort_dev_coffs
283  effort_dev_coffs
284  effort_dev_coffs
285  effort_dev_coffs
286  effort_dev_coffs
287  effort_dev_coffs
288  effort_dev_coffs
289  effort_dev_coffs
290  effort_dev_coffs
291  effort_dev_coffs
292  effort_dev_coffs
293  effort_dev_coffs
294  effort_dev_coffs
295  effort_dev_coffs
296  effort_dev_coffs
297  effort_dev_coffs
298  effort_dev_coffs
299  effort_dev_coffs
300  effort_dev_coffs
301  effort_dev_coffs
302  effort_dev_coffs
303  effort_dev_coffs
304  effort_dev_coffs
305  effort_dev_coffs
306  effort_dev_coffs
307  effort_dev_coffs
308  effort_dev_coffs
309  effort_dev_coffs
310  effort_dev_coffs
311  effort_dev_coffs
312  effort_dev_coffs
313  effort_dev_coffs
314  effort_dev_coffs
315  effort_dev_coffs
316  effort_dev_coffs
317  effort_dev_coffs
318  effort_dev_coffs
319  effort_dev_coffs
320  effort_dev_coffs
321  effort_dev_coffs
322  effort_dev_coffs
323  effort_dev_coffs
324  effort_dev_coffs
325  effort_dev_coffs
326  effort_dev_coffs
327  effort_dev_coffs
328  effort_dev_coffs
329  effort_dev_coffs
330  effort_dev_coffs
331  effort_dev_coffs
332  effort_dev_coffs
333  effort_dev_coffs
334  effort_dev_coffs
335  effort_dev_coffs
336  effort_dev_coffs
337  effort_dev_coffs
338  effort_dev_coffs
339  effort_dev_coffs
340  effort_dev_coffs
341  effort_dev_coffs
342  effort_dev_coffs
343  effort_dev_coffs
344  effort_dev_coffs
345  effort_dev_coffs
346  effort_dev_coffs
347  effort_dev_coffs
348  effort_dev_coffs
349  effort_dev_coffs
350  effort_dev_coffs
351  effort_dev_coffs
352  effort_dev_coffs
353  effort_dev_coffs
354  effort_dev_coffs
355  effort_dev_coffs
356  effort_dev_coffs
357  effort_dev_coffs
358  effort_dev_coffs
359  effort_dev_coffs
360  effort_dev_coffs
361  effort_dev_coffs
362  effort_dev_coffs
363  effort_dev_coffs
364  effort_dev_coffs
365  effort_dev_coffs
366  effort_dev_coffs
367  effort_dev_coffs
368  effort_dev_coffs
369  effort_dev_coffs
370  effort_dev_coffs
371  effort_dev_coffs
372  effort_dev_coffs
373  effort_dev_coffs
374  effort_dev_coffs
375  effort_dev_coffs
376  effort_dev_coffs
377  effort_dev_coffs
378  effort_dev_coffs
379  effort_dev_coffs
380  effort_dev_coffs
381  effort_dev_coffs
382  effort_dev_coffs
383  effort_dev_coffs
384  effort_dev_coffs
385  effort_dev_coffs
386  effort_dev_coffs
387  effort_dev_coffs
388  effort_dev_coffs
389  effort_dev_coffs
390  effort_dev_coffs
391  effort_dev_coffs
392  effort_dev_coffs
393  effort_dev_coffs
394  effort_dev_coffs
395  effort_dev_coffs
396  effort_dev_coffs
397  effort_dev_coffs
398  effort_dev_coffs
399  effort_dev_coffs
400  effort_dev_coffs
401  effort_dev_coffs
402  effort_dev_coffs
403  effort_dev_coffs
404  effort_dev_coffs
405  effort_dev_coffs
406  effort_dev_coffs
407  effort_dev_coffs
408  effort_dev_coffs
409  effort_dev_coffs
410  effort_dev_coffs
411  effort_dev_coffs
412  effort_dev_coffs
413  effort_dev_coffs
414  effort_dev_coffs
415  effort_dev_coffs
416  effort_dev_coffs
417  effort_dev_coffs
418  effort_dev_coffs
419  effort_dev_coffs
420  effort_dev_coffs
421  effort_dev_coffs
422  effort_dev_coffs
423  effort_dev_coffs
424  effort_dev_coffs
425  effort_dev_coffs
426  effort_dev_coffs
427  effort_dev_coffs
428  effort_dev_coffs
429  effort_dev_coffs
430  effort_dev_coffs
431  effort_dev_coffs
432  effort_dev_coffs
433  effort_dev_coffs
434  effort_dev_coffs
435  effort_dev_coffs
436  effort_dev_coffs
437  effort_dev_coffs
438  effort_dev_coffs
439  effort_dev_coffs
440  effort_dev_coffs
441  effort_dev_coffs
442  effort_dev_coffs
443  effort_dev_coffs
444  effort_dev_coffs
445  effort_dev_coffs
446  effort_dev_coffs
447  effort_dev_coffs
448  effort_dev_coffs
449  effort_dev_coffs
450  effort_dev_coffs
451  effort_dev_coffs
452  effort_dev_coffs
453  effort_dev_coffs
454  effort_dev_coffs
455  effort_dev_coffs
456  effort_dev_coffs
457  effort_dev_coffs
458  effort_dev_coffs
459  effort_dev_coffs
460  effort_dev_coffs
461  effort_dev_coffs
462  effort_dev_coffs
463  effort_dev_coffs
464  effort_dev_coffs
465  effort_dev_coffs
466  effort_dev_coffs
467  effort_dev_coffs
468  effort_dev_coffs
469  effort_dev_coffs
470  effort_dev_coffs
471  effort_dev_coffs
472  effort_dev_coffs
473  effort_dev_coffs
474  effort_dev_coffs
475  effort_dev_coffs
476  effort_dev_coffs
477  effort_dev_coffs
478  effort_dev_coffs
479  effort_dev_coffs
480  effort_dev_coffs
481  effort_dev_coffs
482  effort_dev_coffs
483  effort_dev_coffs
484  effort_dev_coffs
485  effort_dev_coffs
486  effort_dev_coffs
487  effort_dev_coffs
488  effort_dev_coffs
489  effort_dev_coffs
490  effort_dev_coffs
491  effort_dev_coffs
492  effort_dev_coffs
493  effort_dev_coffs
494  effort_dev_coffs
495  effort_dev_coffs
496  effort_dev_coffs
497  effort_dev_coffs
498  effort_dev_coffs
499  effort_dev_coffs
500  effort_dev_coffs
501  effort_dev_coffs
502  effort_dev_coffs
503  effort_dev_coffs
504  effort_dev_coffs
505  effort_dev_coffs
506  effort_dev_coffs
507  effort_dev_coffs
508  effort_dev_coffs
509  effort_dev_coffs
510  effort_dev_coffs
511  effort_dev_coffs
512  effort_dev_coffs
513  effort_dev_coffs
514  effort_dev_coffs
515  effort_dev_coffs
516  effort_dev_coffs
517  effort_dev_coffs
518  effort_dev_coffs
519  effort_dev_coffs
520  effort_dev_coffs
521  effort_dev_coffs
522  effort_dev_coffs
523  effort_dev_coffs
524  effort_dev_coffs
525  effort_dev_coffs
526  effort_dev_coffs
527  effort_dev_coffs
528  effort_dev_coffs
529  effort_dev_coffs
530  effort_dev_coffs
531  effort_dev_coffs
532  effort_dev_coffs
533  effort_dev_coffs
534  effort_dev_coffs
535  effort_dev_coffs
536  effort_dev_coffs
537  effort_dev_coffs
538  effort_dev_coffs
539  effort_dev_coffs
540  effort_dev_coffs
541  effort_dev_coffs
542  effort_dev_coffs
543  effort_dev_coffs
544  effort_dev_coffs
545  effort_dev_coffs
546  effort_dev_coffs
547  effort_dev_coffs
548  effort_dev_coffs
549  effort_dev_coffs
550  effort_dev_coffs
551  effort_dev_coffs
552  effort_dev_coffs
553  effort_dev_coffs
554  effort_dev_coffs
555  effort_dev_coffs
556  effort_dev_coffs
557  effort_dev_coffs
558  effort_dev_coffs
559  effort_dev_coffs
560  effort_dev_coffs
561  effort_dev_coffs
562  effort_dev_coffs
563  effort_dev_coffs
564  effort_dev_coffs
565  effort_dev_coffs
566  effort_dev_coffs
567  effort_dev_coffs
568  effort_dev_coffs
569  effort_dev_coffs
570  effort_dev_coffs
571  effort_dev_coffs
572  effort_dev_coffs
573  effort_dev_coffs
574  effort_dev_coffs
575  effort_dev_coffs
576  effort_dev_coffs
577  effort_dev_coffs
578  effort_dev_coffs
579  effort_dev_coffs
580  effort_dev_coffs
581  effort_dev_coffs
582  effort_dev_coffs
583  effort_dev_coffs
584  effort_dev_coffs
585  effort_dev_coffs
586  effort_dev_coffs
587  effort_dev_coffs
588  effort_dev_coffs
589  effort_dev_coffs
590  effort_dev_coffs
591  effort_dev_coffs
592  effort_dev_coffs
593  effort_dev_coffs
594  effort_dev_coffs
595  effort_dev_coffs
596  effort_dev_coffs
597  effort_dev_coffs
598  effort_dev_coffs
599  effort_dev_coffs
600  effort_dev_coffs
601  effort_dev_coffs
602  effort_dev_coffs
603  effort_dev_coffs
604  effort_dev_coffs
605  effort_dev_coffs
606  effort_dev_coffs
607  effort_dev_coffs
608  effort_dev_coffs
609  effort_dev_coffs
610  effort_dev_coffs
611  effort_dev_coffs
612  effort_dev_coffs
613  effort_dev_coffs
614  effort_dev_coffs
615  effort_dev_coffs
616  effort_dev_coffs
617  effort_dev_coffs
618  effort_dev_coffs
619  effort_dev_coffs
620  effort_dev_coffs
621  effort_dev_coffs
622  effort_dev_coffs
623  effort_dev_coffs
624  effort_dev_coffs
625  effort_dev_coffs
626  effort_dev_coffs
627  effort_dev_coffs
628  effort_dev_coffs
629  effort_dev_coffs
630  effort_dev_coffs
631  effort_dev_coffs
632  effort_dev_coffs
633  effort_dev_coffs
634  effort_dev_coffs
635  effort_dev_coffs
636  effort_dev_coffs
637  effort_dev_coffs
638  effort_dev_coffs
639  effort_dev_coffs
640  effort_dev_coffs
641  effort_dev_coffs
642  effort_dev_coffs
643  effort_dev_coffs
644  effort_dev_coffs
645  effort_dev_coffs
646  effort_dev_coffs
647  effort_dev_coffs
648  effort_dev_coffs
649  effort_dev_coffs
650  effort_dev_coffs
651  effort_dev_coffs
652  effort_dev_coffs
653  effort_dev_coffs
654  effort_dev_coffs
655  effort_dev_coffs
656  effort_dev_coffs
657  effort_dev_coffs
658  effort_dev_coffs
659  effort_dev_coffs
660  effort_dev_coffs
661  effort_dev_coffs
662  effort_dev_coffs
663  effort_dev_coffs
664  effort_dev_coffs
665  effort_dev_coffs
666  effort_dev_coffs
667  effort_dev_coffs
668  effort_dev_coffs
669  effort_dev_coffs
670  effort_dev_coffs
671  effort_dev_coffs
672  effort_dev_coffs
673  effort_dev_coffs
674  effort_dev_coffs
675  effort_dev_coffs
676  effort_dev_coffs
677  effort_dev_coffs
678  effort_dev_coffs
679  effort_dev_coffs
680  effort_dev_coffs
681  effort_dev_coffs
682  effort_dev_coffs
683  effort_dev_coffs
684  effort_dev_coffs
685  effort_dev_coffs
686  effort_dev_coffs
687  effort_dev_coffs
688  effort_dev_coffs
689  effort_dev_coffs
690  effort_dev_coffs
691  effort_dev_coffs
692  effort_dev_coffs
693  effort_dev_coffs
694  effort_dev_coffs
695  effort_dev_coffs
696  effort_dev_coffs
697  effort_dev_coffs
698  effort_dev_coffs
699  effort_dev_coffs
700  effort_dev_coffs
701  effort_dev_coffs
702  effort_dev_coffs
703  effort_dev_coffs
704  effort_dev_coffs
705  effort_dev_coffs
706  effort_dev_coffs
707  effort_dev_coffs
708  effort_dev_coffs
709  effort_dev_coffs
710  effort_dev_coffs
711  effort_dev_coffs
712  effort_dev_coffs
713  effort_dev_coffs
714  effort_dev_coffs
715  effort_dev_coffs
716  effort_dev_coffs
717  effort_dev_coffs
718  effort_dev_coffs
719  effort_dev_coffs
720  effort_dev_coffs
721  effort_dev_coffs
722  effort_dev_coffs
723  effort_dev_coffs
724  effort_dev_coffs
725  effort_dev_coffs
726  effort_dev_coffs
727  effort_dev_coffs
728  effort_dev_coffs
729  effort_dev_coffs
730  effort_dev_coffs
731  effort_dev_coffs
732  effort_dev_coffs
733  effort_dev_coffs
734  effort_dev_coffs
735  effort_dev_coffs
736  effort_dev_coffs
737  effort_dev_coffs
738  effort_dev_coffs
739  effort_dev_coffs
740  effort_dev_coffs
741  effort_dev_coffs
742  effort_dev_coffs
743  effort_dev_coffs
744  effort_dev_coffs
745  effort_dev_coffs
746  effort_dev_coffs
747  effort_dev_coffs
748  effort_dev_coffs
749  effort_dev_coffs
750  effort_dev_coffs
751  effort_dev_coffs
752  effort_dev_coffs
753  effort_dev_coffs
754  effort_dev_coffs
755  effort_dev_coffs
756  effort_dev_coffs
757  effort_dev_coffs
758  effort_dev_coffs
759  effort_dev_coffs
760  effort_dev_coffs
761  effort_dev_coffs
762  effort_dev_coffs
763  effort_dev_coffs
764  effort_dev_coffs
765  effort_dev_coffs
766  effort_dev_coffs
767  effort_dev_coffs
768  effort_dev_coffs
769  effort_dev_coffs
770  effort_dev_coffs
771  effort_dev_coffs
772  effort_dev_coffs
773  effort_dev_coffs
774  effort_dev_coffs
775  effort_dev_coffs
776  effort_dev_coffs
777  effort_dev_coffs
778  effort_dev_coffs
779  effort_dev_coffs
780  effort_dev_coffs
781  effort_dev_coffs
782  effort_dev_coffs
783  effort_dev_coffs
784  effort_dev_coffs
785  effort_dev_coffs
786  effort_dev_coffs
787  effort_dev_coffs
788  effort_dev_coffs
789  effort_dev_coffs
790  effort_dev_coffs
791  effort_dev_coffs
792  effort_dev_coffs
793  effort_dev_coffs
794  effort_dev_coffs
795  effort_dev_coffs
796  effort_dev_coffs
797  effort_dev_coffs
798  effort_dev_coffs
799  effort_dev_coffs
800  effort_dev_coffs
801  effort_dev_coffs
802  effort_dev_coffs
803  effort_dev_coffs
804  effort_dev_coffs
805  effort_dev_coffs
806  effort_dev_coffs
807  effort_dev_coffs
808  effort_dev_coffs
809  effort_dev_coffs
810  effort_dev_coffs
811  effort_dev_coffs
812  effort_dev_coffs
813  effort_dev_coffs
814  effort_dev_coffs
815  effort_dev_coffs
816  effort_dev_coffs
817  effort_dev_coffs
818  effort_dev_coffs
819  effort_dev_coffs
820  effort_dev_coffs
821  effort_dev_coffs
822  effort_dev_coffs
823  effort_dev_coffs
824  effort_dev_coffs
825  effort_dev_coffs
826  effort_dev_coffs
827  effort_dev_coffs
828  effort_dev_coffs
829  effort_dev_coffs
830  effort_dev_coffs
831  effort_dev_coffs
832  effort_dev_coffs
833  effort_dev_coffs
834  effort_dev_coffs
835  effort_dev_coffs
836  effort_dev_coffs
837  effort_dev_coffs
838  effort_dev_coffs
839  effort_dev_coffs
840  effort_dev_coffs
841  effort_dev_coffs
842  effort_dev_coffs
843  effort_dev_coffs
844  effort_dev_coffs
845  effort_dev_coffs
846  effort_dev_coffs
847  effort_dev_coffs
848  effort_dev_coffs
849  effort_dev_coffs
850  effort_dev_coffs
851  effort_dev_coffs
852  effort_dev_coffs
853  effort_dev_coffs
854  effort_dev_coffs
855  effort_dev_coffs
856  effort_dev_coffs
857  effort_dev_coffs
858  effort_dev_coffs
859  effort_dev_coffs
860  effort_dev_coffs
861  effort_dev_coffs
862  effort_dev_coffs
863  effort_dev_coffs
864  effort_dev_coffs
865  effort_dev_coffs
866  effort_dev_coffs
867  effort_dev_coffs
868  effort_dev_coffs
869  effort_dev_coffs
870  effort_dev_coffs
871  effort_dev_coffs
872  effort_dev_coffs
873  effort_dev_coffs
874  effort_dev_coffs
875  effort_dev_coffs
876  effort_dev_coffs
877  effort_dev_coffs
878  effort_dev_coffs
879  effort_dev_coffs
880  effort_dev_coffs
881  effort_dev_coffs
882  effort_dev_coffs
883  effort_dev_coffs
884  effort_dev_coffs
885  effort_dev_coffs
886  effort_dev_coffs
887  effort_dev_coffs
888  effort_dev_coffs
889  effort_dev_coffs
890  effort_dev_coffs
891  effort_dev_coffs
892  effort_dev_coffs
893  effort_dev_coffs
894  effort_dev_coffs
895  effort_dev_coffs
896  effort_dev_coffs
897  effort_dev_coffs
898  effort_dev_coffs
899  effort_dev_coffs
900  effort_dev_coffs
901  effort_dev_coffs
902  effort_dev_coffs
903  effort_dev_coffs
904  effort_dev_coffs
905  effort_dev_coffs
906  effort_dev_coffs
907  effort_dev_coffs
908  effort_dev_coffs
909  effort_dev_coffs
910  effort_dev_coffs
911  effort_dev_coffs
912  effort_dev_coffs
913  effort_dev_coffs
914  effort_dev_coffs
915  effort_dev_coffs
916  effort_dev_coffs
917  effort_dev_coffs
918  effort_dev_coffs
919  effort_dev_coffs
920  effort_dev_coffs
921  effort_dev_coffs
922  effort_dev_coffs
923  effort_dev_coffs
924  effort_dev_coffs
925  effort_dev_coffs
926  effort_dev_coffs
927  effort_dev_coffs
928  effort_dev_coffs
929  effort_dev_coffs
930  effort_dev_coffs
931  effort_dev_coffs
932  effort_dev_coffs
933  effort_dev_coffs
934  effort_dev_coffs
935  effort_dev_coffs
936  effort_dev_coffs
937  effort_dev_coffs
938  effort_dev_coffs
939  effort_dev_coffs
940  effort_dev_coffs
941  effort_dev_coffs
942  effort_dev_coffs
943  effort_dev_coffs
944  effort_dev_coffs
945  effort_dev_coffs
946  effort_dev_coffs
947  effort_dev_coffs
948  effort_dev_coffs
949  effort_dev_coffs
950  effort_dev_coffs
951  effort_dev_coffs
952  effort_dev_coffs
953  effort_dev_coffs
954  effort_dev_coffs
955  effort_dev_coffs
956  effort_dev_coffs
957  effort_dev_coffs
958  effort_dev_coffs
959  effort_dev_coffs
960  effort_dev_coffs
961  effort_dev_coffs
962  effort_dev_coffs
963  effort_dev_coffs
964  effort_dev_coffs
965  effort_dev_coffs
966  effort_dev_coffs
967  effort_dev_coffs
968  effort_dev_coffs
969  effort_dev_coffs
970  effort_dev_coffs
971  effort_dev_coffs
972  effort_dev_coffs
973  effort_dev_coffs
974  effort_dev_coffs
975  effort_dev_coffs
976  effort_dev_coffs
977  effort_dev_coffs
978  effort_dev_coffs
979  effort_dev_coffs
980  effort_dev_coffs
981  effort_dev_coffs
982  effort_dev_coffs
983  effort_dev_coffs
984  effort_dev_coffs
985  effort_dev_coffs
986  effort_dev_coffs
987  effort_dev_coffs
988  effort_dev_coffs
989  effort_dev_coffs
990  effort_dev_coffs
991  effort_dev_coffs
992  effort_dev_coffs
993  effort_dev_coffs
994  effort_dev_coffs
995  effort_dev_coffs
996  effort_dev_coffs
997  effort_dev_coffs
998  effort_dev_coffs
999  effort_dev_coffs
1000  effort_dev_coffs
1001  effort_dev_coffs
1002  effort_dev_coffs
1003  effort_dev_coffs
1004  effort_dev_coffs
1005  effort_dev_coffs
1006  effort_dev_coffs
1007  effort_dev_coffs
1008  effort_dev_coffs
1009  effort_dev_coffs
1010  effort_dev_coffs
1011  effort_dev_coffs
1012  effort_dev_coffs
1013  effort_dev_coffs
1014  effort_dev_coffs
1015  effort_dev_coffs
1016  effort_dev_coffs
1017  effort_dev_coffs
1018  effort_dev_coffs
1019  effort_dev_coffs
1020  effort_dev_coffs
1021  effort_dev_coffs
1022  effort_dev_coffs
1023  effort_dev_coffs
1024  effort_dev_coffs
1025  effort_dev_coffs
1026  effort_dev_coffs
1027  effort_dev_coffs
1028  effort_dev_coffs
1029  effort_dev_coffs
1030  effort_dev_coffs
1031  effort_dev_coffs
1032  effort_dev_coffs
1033  effort_dev_coffs
1034  effort_dev_coffs
1035  effort_dev_coffs
1036  effort_dev_coffs
1037  effort_dev_coffs
1038  effort_dev_coffs
1039  effort_dev_coffs
1040  effort_dev_coffs
1041  effort_dev_coffs
1042  effort_dev_coffs
1043  effort_dev_coffs
1044  effort_dev_coffs
1045  effort_dev_coffs
1046  effort_dev_coffs
1047  effort_dev_coffs
1048  effort_dev_coffs
1049  effort_dev_coffs
1050  effort_dev_coffs
1051  effort_dev_coffs
1052  effort_dev_coffs
1053  effort_dev_coffs
1054  effort_dev_coffs
1055  effort_dev_coffs
1056  effort_dev_coffs
1057  effort_dev_coffs
1058  effort_dev_coffs
1059  effort_dev_coffs
1060  effort_dev_coffs
1061  effort_dev_coffs
1062  effort_dev_coffs
1063  effort_dev_coffs
1064  effort_dev_coffs
1065  effort_dev_coffs
1066  effort_dev_coffs
1067  effort_dev_coffs
1068  effort_dev_coffs
1069  effort_dev_coffs
1070  effort_dev_coffs
1071  effort_dev_coffs
1072  effort_dev_coffs
1073  effort_dev_coffs
1074  effort_dev_coffs
1075  effort_dev_coffs
1076  effort_dev_coffs
1077  effort_dev_coffs
1078  effort_dev_coffs
1079  effort_dev_coffs
1080  effort_dev_coffs
1081  effort_dev_coffs
1082  effort_dev_coffs
1083  effort_dev_coffs
1084  effort_dev_coffs
1085  effort_dev_coffs
1086  effort_dev_coffs
1087  effort_dev_coffs
1088  effort_dev_coffs
1089  effort_dev_coffs
1090  effort_dev_coffs
1091  effort_dev_coffs
1092  effort_dev_coffs
1093  effort_dev_coffs
1094  effort_dev_coffs
1095  effort_dev_coffs
1096  effort_dev_coffs
1097  effort_dev_coffs
1098  effort_dev_coffs
1099  effort_dev_coffs
1100  effort_dev_coffs
1101  effort_dev_coffs
1102  effort_dev_coffs
1103  effort_dev_coffs
1104  effort_dev_coffs
1105  effort_dev_coffs
1106  effort_dev_coffs
1107  effort_dev_coffs
1108  effort_dev_coffs
1109  effort_dev_coffs
1110  effort_dev_coffs
1111  effort_dev_coffs
1112  effort_dev_coffs
1113  effort_dev_coffs
1114  effort_dev_coffs
1115  effort_dev_coffs
1116  effort_dev_coffs
1117  effort_dev_coffs
1118  effort_dev_coffs
1119  effort_dev_coffs
1120  effort_dev_coffs
1121  effort_dev_coffs
1122  effort_dev_coffs
1123  effort_dev_coffs
1124  effort_dev_coffs
1125  effort_dev_coffs
1126  effort_dev_coffs
1127  effort_dev_coffs
1128  effort_dev_coffs
1129  effort_dev_coffs
1130  effort_dev_coffs
1131  effort_dev_coffs
1132  effort_dev_coffs
1133  effort_dev_coffs
1134  effort_dev_coffs
1135  effort_dev_coffs
1136  effort_dev_coffs
1137  effort_dev_coffs
1138  effort_dev_coffs
1139  effort_dev_coffs
1140  effort_dev_coffs
1141  effort_dev_coffs
1142  effort_dev_coffs
1143  effort_dev_coffs
1144  effort_dev_coffs
1145  effort_dev_coffs
1146  effort_dev_coffs
1147  effort_dev_coffs
1148  effort_dev_coffs
1149  effort_dev_coffs
1150  effort_dev_coffs
1151  effort_dev_coffs
1152  effort_dev_coffs
1153  effort_dev_coffs
1154  effort_dev_coffs
1155  effort_dev_coffs
1156  effort_dev_coffs
1157  effort_dev_coffs
1158  effort_dev_coffs
1159  effort_dev_coffs
1160  effort_dev_coffs
1161  effort_dev_coffs
1162  effort_dev_coffs
1163  effort_dev_coffs
1164  effort_dev_coffs
1165  effort_dev_coffs
1166  effort_dev_coffs
1167  effort_dev_coffs
1168  effort_dev_coffs
1169  effort_dev_coffs
1170  effort_dev_coffs
1171  effort_dev_coffs
1172  effort_dev_coffs
1173  effort_dev_coffs
1174  effort_dev_coffs
1175  effort_dev_coffs
1176  effort_dev_coffs
1177  effort_dev_coffs
1178  effort_dev_coffs
1179  effort_dev_coffs
1180  effort_dev_coffs
1181  effort_dev_coffs
1182  effort_dev_coffs
1183  effort_dev_coffs
1184  effort_dev_coffs
1185  effort_dev_coffs
1186  effort_dev_coffs
1187  effort_dev_coffs
1188  effort_dev_coffs
1189  effort_dev_coffs
1190  effort_dev_coffs
1191  effort_dev_coffs
1192  effort_dev_coffs
1193  effort_dev_coffs
1194  effort_dev_coffs
1195  effort_dev_coffs
1196  effort_dev_coffs
1197  effort_dev_coffs
1198  effort_dev_coffs
1199  effort_dev_coffs
1200  effort_dev_coffs
1201  effort_dev_coffs
1202  effort_dev_coffs
1203  effort_dev_coffs
1204  effort_dev_coffs
1205  effort_dev_coffs
1206  effort_dev_coffs
1207  effort_dev_coffs
1208  effort_dev_coffs
1209  effort_dev_coffs
1210  effort_dev_coffs
1211  effort_dev_coffs
1212  effort_dev_coffs
1213  effort_dev_coffs
1214  effort_dev_coffs
1215  effort_dev_coffs
1216  effort_dev_coffs
1217  effort_dev_coffs
1218  effort_dev_coffs
1219  effort_dev_coffs
1220  effort_dev_coffs
1221  effort_dev_coffs
1222  effort_dev_coffs
1223  effort_dev_coffs
1224  effort_dev_coffs
1225  effort_dev_coffs
1226  effort_dev_coffs
1227  effort_dev_coffs
1228  effort_dev_coffs
1229  effort_dev_coffs
1230  effort_dev_coffs
1231  effort_dev_coffs
1232  effort_dev_coffs
1233  effort_dev_coffs
1234  effort_dev_coffs
1235  effort_dev_coffs
1236  effort_dev_coffs
1237  effort_dev_coffs
1238  effort_dev_coffs
1239  effort_dev_coffs
1240  effort_dev_coffs
1241  effort_dev_coffs
1242  effort_dev_coffs
1243  effort_dev_coffs
1244  effort_dev_coffs
1245  effort_dev_coffs
1246  effort_dev_coffs
1247  effort_dev_coffs
1248  effort_dev_coffs
1249  effort_dev_coffs
1250  effort_dev_coffs
1251  effort_dev_coffs
1252  effort_dev_coffs
1253  effort_dev_coffs
1254  effort_dev_coffs
1255  effort_dev_coffs
1256  effort_dev_coffs
1257  effort_dev_coffs
1258  effort_dev_coffs
1259  effort_dev_coffs
1260  effort_dev_coffs
1261  effort_dev_coffs
1262  effort_dev_coffs
1263  effort_dev_coffs
1264  effort_dev_coffs
1265  effort_dev_coffs
1266  effort_dev_coffs
1267  effort_dev_coffs
1268  effort_dev_coffs
1269  effort_dev_coffs
1270  effort_dev_coffs
1271  effort_dev_coffs
1272  effort_dev_coffs
1273  effort_dev_coffs
1274  effort_dev_coffs
1275  effort_dev_coffs
1276  effort_dev_coffs
1277  effort_dev_coffs
1278  effort_dev_coffs
1279  effort_dev_coffs
1280  effort_dev_coffs
1281  effort_dev_coffs
1282  effort_dev_coffs
1283  effort_dev_coffs
1284  effort_dev_coffs
1285  effort_dev_coffs
1286  effort_dev_coffs
1287  effort_dev_coffs
1288  effort_dev_coffs
1289  effort_dev_coffs
1290  effort_dev_coffs
1291  effort_dev_coffs
1292  effort_dev_coffs
1293  effort_dev_coffs
1294  effort_dev_coffs
1295  effort_dev_coffs
1296  effort_dev_coffs
1297  effort_dev_coffs
1298  effort_dev_coffs
1299  effort_dev_coffs
1300  effort_dev_coffs
1301  effort_dev_coffs
1302  effort_dev_coffs
1303  effort_dev_coffs
1304  effort_dev_coffs
1305  effort_dev_coffs
1306  effort_dev_coffs
1307  effort_dev_coffs
1308  effort_dev_coffs
1309  effort_dev_coffs
1310  effort_dev_coffs
1311  effort_dev_coffs
1312  effort_dev_coffs
1313  effort_dev_coffs
1314  effort_dev_coffs
1315  effort_dev_coffs
1316  effort_dev_coffs
1317  effort_dev_coffs
1318  effort_dev_coffs
1319  effort_dev_coffs
1320  effort_dev_coffs
1321  effort_dev_coffs
1322  effort_dev_coffs
1323  effort_dev_coffs
1324  effort_dev_coffs
1325  effort_dev_coffs
1326  effort_dev_coffs
1327  effort_dev_coffs
1328  effort_dev_coffs
1329  effort_dev_coffs
1330  effort_dev_coffs
1331  effort_dev_coffs
1332  effort_dev_coffs
1333  effort_dev_coffs
1334  effort_dev_coffs
1335  effort_dev_coffs
1336  effort_dev_coffs
1337  effort_dev_coffs
1338  effort_dev_coffs
1339  effort_dev_coffs
1340  effort_dev_coffs
1341  effort_dev_coffs
1342  effort_dev_coffs
1343  effort_dev_coffs
1344  effort_dev_coffs
1345  effort_dev_coffs
1346  effort_dev_coffs
1347  effort_dev_coffs
1348  effort_dev_coffs
1349  effort_dev_coffs
1350  effort_dev_coffs
1351  effort_dev_coffs
1352  effort_dev_coffs
1353  effort_dev_coffs
1354  effort_dev_coffs
1355  effort_dev_coffs
1356  effort_dev_coffs
1357  effort_dev_coffs
1358  effort_dev_coffs
1359  effort_dev_coffs
1360  effort_dev_coffs
1361  effort_dev_coffs
1362  effort_dev_coffs
1363  effort_dev_coffs
1364  effort_dev_coffs
1365  effort_dev_coffs
1366  effort_dev_coffs
1367  effort_dev_coffs
1368  effort_dev_coffs
1369  effort_dev_coffs
1370  effort_dev_coffs
1371  effort_dev_coffs
1372  effort_dev_coffs
1373  effort_dev_coffs
1374  effort_dev_coffs
1375  effort_dev_coffs
1376  effort_dev_coffs
1377  effort_dev_coffs
1378  effort_dev_coffs
1379  effort_dev_coffs
1380  effort_dev_coffs
1381  effort_dev_coffs
1382  effort_dev_coffs
1383  effort_dev_coffs
1384  effort_dev_coffs
1385  effort_dev_coffs
1386  effort_dev_coffs
1387  effort_dev_coffs
1388  effort_dev_coffs
1389  effort_dev_coffs
1390  effort_dev_coffs
1391  effort_dev_coffs
1392  effort_dev_coffs
1393  effort_dev_coffs
1394  effort_dev_coffs
1395  effort_dev_coffs
1396  effort_dev_coffs
1397  effort_dev_coffs
1398  effort_dev_coffs
1399  effort_dev_coffs
1400  effort_dev_coffs
1401  effort_dev_coffs
1402  effort_dev_coffs
1403  effort_dev_coffs
1404  effort_dev_coffs
1405  effort_dev_coffs
1406  effort_dev_coffs
1407  effort_dev_coffs
1408  effort_dev_coffs
1409  effort_dev_coffs
1410  effort_dev_coffs
1411  effort_dev_coffs
1412  effort_dev_coffs
1413  effort_dev_coffs
1414  effort_dev_coffs
1415  effort_dev_coffs
1416  effort_dev_coffs
1417  effort_dev_coffs
1418  effort_dev_coffs
1419  effort_dev_coffs
1420  effort_dev_coffs
1421  effort_dev_coffs
1422  effort_dev_coffs
1423  effort_dev_coffs
1424  effort_dev_coffs
1425  effort_dev_coffs
1426  effort_dev_coffs
1427  effort_dev_coffs
1428  effort_dev_coffs
1429  effort_dev_coffs
1430  effort_dev_coffs
1431  effort_dev_coffs
1432  effort_dev_coffs
1433  effort_dev_coffs
1434  effort_dev_coffs
1435  effort_dev_coffs
1436  effort_dev_coffs
1437  effort_dev_coffs
1438  effort_dev_coffs
1439  effort_dev_coffs
1440  effort_dev_coffs
1441  effort_dev_coffs
1442  effort_dev_coffs
1443  effort_dev_coffs
1444  effort_dev_coffs
1445  effort_dev_coffs
1446  effort_dev_coffs
1447  effort_dev_coffs
1448  effort_dev_coffs
1449  effort_dev_coffs
1450  effort_dev_coffs
1451  effort_dev_coffs
1452  effort_dev_coffs
1453  effort_dev_coffs
1454  effort_dev_coffs
1455  effort_dev_coffs
1456  effort_dev_coffs
1457  effort_dev_coffs
1458  effort_dev_coffs
1459  effort_dev_coffs
1460  effort_dev_coffs
1461  effort_dev_coffs
1462  effort_dev_coffs
1463  effort_dev_coffs
1464  effort_dev_coffs
1465  effort_dev_coffs
1466  effort_dev_coffs
1467  effort_dev_coffs
1468  effort_dev_coffs
1469  effort_dev_coffs
1470  effort_dev_coffs
1471  effort_dev_coffs
1472  effort_dev_coffs
1473  effort_dev_coffs
1474  effort_dev_coffs
1475  effort_dev_coffs
1476  effort_dev_coffs
1477  effort_dev_coffs
1478  effort_dev_coffs
1479  effort_dev_coffs
1480  effort_dev_coffs
1481  effort_dev_coffs
1482  effort_dev_coffs
1483  effort_dev_coffs
1484  effort_dev_coffs
1485  effort_dev_coffs
1486  effort_dev_coffs
1487  effort_dev_coffs
1488  effort_dev_coffs
1489  effort_dev_coffs
1490  effort_dev_coffs
1491  effort_dev_coffs
1492  effort_dev_coffs
1493  effort_dev_coffs
1494  effort_dev_coffs
1495  effort_dev_coffs
1496  effort_dev_coffs
1497  effort_dev_coffs
1498  effort_dev_coffs
1499  effort_dev_coffs
1500  effort_dev_coffs
1501  effort_dev_coffs
1502  effort_dev_coffs
1503  effort_dev_coffs
1504  effort_dev_coffs
1505  effort_dev_coffs
1506  effort_dev_coffs
1507  effort_dev_coffs
1508  effort_dev_coffs
1509  effort_dev_coffs
1510  effort_dev_coffs
1511  effort_dev_coffs
1512  effort_dev_coffs
1513  effort_dev_coffs
1514  effort_dev_coffs
1515  effort_dev_coffs
1516  effort_dev_coffs
1517  effort_dev_coffs
1518  effort_dev_coffs
1519  effort_dev_coffs
1520  effort_dev_coffs
1521  effort_dev_coffs
1522  effort_dev_coffs
1523  effort_dev_coffs
1524  effort_dev_coffs
1525  effort_dev_coffs
1526  effort_dev_coffs
1527  effort_dev_coffs
1528  effort_dev_coffs
1529  effort_dev_coffs
1530  effort_dev_coffs
1531  effort_dev_coffs
1532  effort_dev_coffs
1533  effort_dev_coffs
1534  effort_dev_coffs
1535  effort_dev_coffs
1536  effort_dev_coffs
1537  effort_dev_coffs
1538  effort_dev_coffs
1539  effort_dev_coffs
1540  effort_dev_coffs
1541  effort_dev_coffs
1542  effort_dev_coffs
1543  effort_dev_coffs
1544  effort_dev_coffs
1545  effort_dev_coffs
1546  effort_dev_coffs
1547  effort_dev_coffs
1548  effort_dev_coffs
1549  effort_dev_coffs
1550  effort_dev_coffs
1551  effort_dev_coffs
1552  effort_dev_coffs
1553  effort_dev_coffs
1554  effort_dev_coffs
1555  effort_dev_coffs
1556  effort_dev_coffs
1557  effort_dev_coffs
1558  effort_dev_coffs
1559  effort_dev_coffs
1560  effort_dev_coffs
1561  effort_dev_coffs
1562  effort_dev_coffs
1563  effort_dev_coffs
1564  effort_dev_coffs
1565  effort_dev_coffs
1566  effort_dev_coffs
1567  effort_dev_coffs
1568  effort_dev_coffs
1569  effort_dev_coffs
1570  effort_dev_coffs
1571  effort_dev_coffs
1572  effort_dev_coffs
1573  effort_dev_coffs
1574  effort_dev_coffs
1575  effort_dev_coffs
1576  effort_dev_coffs
1577  effort_dev_coffs
1578  effort_dev_coffs
1579  effort_dev_coffs
1580  effort_dev_coffs
1581  effort_dev_coffs
1582  effort_dev_coffs
1583  effort_dev_coffs
1584  effort_dev_coffs
1585  effort_dev_coffs
1586  effort_dev_coffs
1587  effort_dev_coffs
1588  effort_dev_coffs
1589  effort_dev_coffs
1590  effort_dev_coffs
1591  effort_dev_coffs
1592  effort_dev_coffs
1593  effort_dev_coffs
1594  effort_dev_coffs
1595  effort_dev_coffs
1596  effort_dev_coffs
1597  effort_dev_coffs
1598  effort_dev_coffs
1599  effort_dev_coffs
1600  effort_dev_coffs
1601  effort_dev_coffs
1602  effort_dev_coffs
1603  effort_dev_coffs
1604  effort_dev_coffs
1605  effort_dev_coffs
1606  effort_dev_coffs
1607  effort_dev_coffs
1608  effort_dev_coffs
1609  effort_dev_coffs
1610  effort_dev_coffs
1611  effort_dev_coffs
1612  effort_dev_coffs
1613  effort_dev_coffs
1614  effort_dev_coffs
1615  effort_dev_coffs
1616  effort_dev_coffs
1617  effort_dev_coffs
1618  effort_dev_coffs
1619  effort_dev_coffs
1620  effort_dev_coffs
1621  effort_dev_coffs
1622  effort_dev_coffs
1623  effort_dev_coffs
1624  effort_dev_coffs
1625  effort_dev_coffs
1626  effort_dev_coffs
1627  effort_dev_coffs
1628  effort_dev_coffs
1629  effort_dev_coffs
1630  effort_dev_coffs
1631  effort_dev_coffs
1632  effort_dev_coffs
1633  effort_dev_coffs
1634  effort_dev_coffs
1635  effort_dev_coffs
1636  effort_dev_coffs
1637  effort_dev_coffs
1638  effort_dev_coffs
1639  effort_dev_coffs
1640  effort_dev_coffs
1641  effort_dev_coffs
1642  effort_dev_coffs
1643  effort_dev_coffs
1644  effort_dev_coffs
1645  effort_dev_coffs
1646  effort_dev_coffs
1647  effort_dev_coffs
1648  effort_dev_coffs
1649  effort_dev_coffs
1650  effort_dev_coffs
1651  effort_dev_coffs
1652  effort_dev_coffs
1653  effort_dev_coffs
1654  effort_dev_coffs
1655  effort_dev_coffs
1656  effort_dev_coffs
1657  effort_dev_coffs
1658  effort_dev_coffs
1659  effort_dev_coffs
1660  effort_dev_coffs
1661  effort_dev_coffs
1662  effort_dev_coffs
1663  effort_dev_coffs
1664  effort_dev_coffs
1665  effort_dev_coffs
1666  effort_dev_coffs
1667  effort_dev_coffs
1668  effort_dev_coffs
1669  effort_dev_coffs
1670  effort_dev_coffs
1671  effort_dev_coffs
1672  effort_dev_coffs
1673  effort_dev_coffs
1674  effort_dev_coffs
1675  effort_dev_coffs
1676  effort_dev_coffs
1677  effort_dev_coffs
1678  effort_dev_coffs
1679  effort_dev_coffs
1680  effort_dev_coffs
1681  effort_dev_coffs
1682  effort_dev_coffs
1683  effort_dev_coffs
1684  effort_dev_coffs
1685  effort_dev_coffs
1686  effort_dev_coffs
1687  effort_dev_coffs
1688  effort_dev_coffs
1689  effort_dev_coffs
1690  effort_dev_coffs
1691  effort_dev_coffs
1692  effort_dev_coffs
1693  effort_dev_coffs
1694  effort_dev_coffs
1695  effort_dev_coffs
1696  effort_dev_coffs
1697  effort_dev_coffs
1698  effort_dev_coffs
1699  effort_dev_coffs
1700  effort_dev_coffs
1701  effort_dev_coffs
1702  effort_dev_coffs
1703  effort_dev_coffs
1704  effort_dev_coffs
1705  effort_dev_coffs
1706  effort_dev_coffs
1707  effort_dev_coffs
1708  effort_dev_coffs
1709  effort_dev_coffs
1710  effort_dev_coffs
1711  effort_dev_coffs
1712  effort_dev_coffs
1713  effort_dev_coffs
1714  effort_dev_coffs
1715  effort_dev_coffs
1716  effort_dev_coffs
1717  effort_dev_coffs
1718  effort_dev_coffs
1719  effort_dev_coffs
1720  effort_dev_coffs
1721  effort_dev_coffs
1722  effort_dev_coffs
1723  effort_dev_coffs
1724  effort_dev_coffs
1725  effort_dev_coffs
1726  effort_dev_coffs
1727  effort_dev_coffs
1728  effort_dev_coffs
1729  effort_dev_coffs
1730  effort_dev_coffs
1731  effort_dev_coffs
1732  effort_dev_coffs
1733  effort_dev_coffs
1734  effort_dev_coffs
1735  effort_dev_coffs
1736  effort_dev_coffs
1737  effort_dev_coffs
1738  effort_dev_coffs
1739  effort_dev_coffs
1740  effort_dev_coffs
1741  effort_dev_coffs
1742  effort_dev_coffs
1743  effort_dev_coffs
1744  effort_dev_coffs
1745  effort_dev_coffs
1746  effort_dev_coffs
1747  effort_dev_coffs
1748  effort_dev_coffs
1749  effort_dev_coffs
1750  effort_dev_coffs
1751  effort_dev_coffs
1752  effort_dev_coffs
1753  effort_dev_coffs
1754  effort_dev_coffs
1755  effort_dev_coffs
1756  effort_dev_coffs
1757  effort_dev_coffs
1758  effort_dev_coffs
1759  effort_dev_coffs
1760  effort_dev_coffs
1761  effort_dev_coffs
1762  effort_dev_coffs
1763  effort_dev_coffs
1764  effort_dev_coffs
1765  effort_dev_coffs
1766  effort_dev_coffs
1767  effort_dev_coffs
1768  effort_dev_coffs
1769  effort_dev_coffs
1770  effort_dev_coffs
1771  effort_dev_coffs
1772  effort_dev_coffs
1773  effort_dev_coffs
1774  effort_dev_coffs
1775  effort_dev_coffs
1776  effort_dev_coffs
1777  effort_dev_coffs
1778  effort_dev_coffs
1779  effort_dev_coffs
1780  effort_dev_coffs
1781  effort_dev_coffs
1782  effort_dev_coffs
1783  effort_dev_coffs
1784  effort_dev_coffs
1785  effort_dev_coffs
1786  effort_dev_coffs
1787  effort_dev_coffs
1788  effort_dev_coffs
1789  effort_dev_coffs
1790  effort_dev_coffs
1791  effort_dev_coffs
1792  effort_dev_coffs
1793  effort_dev_coffs
1794  effort_dev_coffs
1795  effort_dev_coffs
1796  effort_dev_coffs
1797  effort_dev_coffs
1798  effort_dev_coffs
1799  effort_dev_coffs
1800  effort_dev_coffs
1801  effort_dev_coffs
1802  effort_dev_coffs
1803  effort_dev_coffs
1804  effort_dev_coffs
1805  effort_dev_coffs
1806  effort_dev_coffs
1807  effort_dev_coffs
1808  effort_dev_coffs
1809  effort_dev_coffs
1810  effort_dev_coffs
1811  effort_dev_coffs
1812  effort_dev_coffs
1813  effort_dev_coffs
1814  effort_dev_coffs
1815  effort_dev_coffs
1816  effort_dev_coffs
1817  effort_dev_coffs
1818  effort_dev_coffs
1819  effort_dev_coffs
1820  effort_dev_coffs
1821  effort_dev_coffs
1822  effort_dev_coffs
1823  effort_dev_coffs
1824  effort_dev_coffs
1825  effort_dev_coffs
1826  effort_dev_coffs
1827  effort_dev_coffs
1828  effort_dev_coffs
1829  effort_dev_coffs
1830  effort_dev_coffs
1831  effort_dev_coffs
1832  effort_dev_coffs
1833  effort_dev_coffs
1834  effort_dev_coffs
1835  effort_dev_coffs
1836  effort_dev_coffs
1837  effort_dev_coffs
1838  effort_dev_coffs
1839  effort_dev_coffs
1840  effort_dev_coffs
1841  effort_dev_coffs
1842  effort_dev_coffs
1843  effort_dev_coffs
1844  effort_dev_coffs
1845  effort_dev_coffs
1846  effort_dev_coffs
1847  effort_dev_coffs
1848  effort_dev_coffs
1849  effort_dev_coffs
1850  effort_dev_coffs
1851  effort_dev_coffs
1852  effort_dev_coffs
1853  effort_dev_coffs
1854  effort_dev_coffs
1855  effort_dev_coffs
1856  effort_dev_coffs
1857  effort_dev_coffs
1858  effort_dev_coffs
1859  effort_dev_coffs
1860  effort_dev_coffs
1861  effort_dev_coffs
1862  effort_dev_coffs
1863  effort_dev_coffs
1864  effort_dev_coffs
1865  effort_dev_coffs
1866  effort_dev_coffs
1867  effort_dev_coffs
1868  effort_dev_coffs
1869  effort_dev_coffs
1870  effort_dev_coffs
1871  effort_dev_coffs
1872  effort_dev_coffs
1873  effort_dev_coffs
1874  effort_dev_coffs
1875  effort_dev_coffs
1876  effort_dev_coffs
1877  effort_dev_coffs
1878  effort_dev_coffs
1879  effort_dev_coffs
1880  effort_dev_coffs
1881  effort_dev_coffs
1882  effort_dev_coffs
1883  effort_dev_coffs
1884  effort_dev_coffs
1885  effort_dev_coffs
1886  effort_dev_coffs
1887  effort_dev_coffs
1888  effort_dev_coffs
1889  effort_dev_coffs
1890  effort_dev_coffs
1891  effort_dev_coffs
1892  effort_dev_coffs
1893  effort_dev_coffs
1894  effort_dev_coffs
1895  effort_dev_coffs
1896  effort_dev_coffs
1897  effort_dev_coffs
1898  effort_dev_coffs
1899  effort_dev_coffs
1900  effort_dev_coffs
1901  effort_dev_coffs
1902  effort_dev_coffs
1903  effort_dev_coffs
1904  effort_dev_coffs
1905  effort_dev_coffs
1906  effort_dev_coffs
1907  effort_dev_coffs
1908  effort_dev_coffs
1909  effort_dev_coffs
1910  effort_dev_coffs
1911  effort_dev_coffs
1912  effort_dev_coffs
1913  effort_dev_coffs
1914  effort_dev_coffs
1915  effort_dev_coffs
1916  effort_dev_coffs
1917  effort_dev_coffs
1918  effort_dev_coffs
1919  effort_dev_coffs
1920  effort_dev_coffs
1921  effort_dev_coffs
1922  effort_dev_coffs
1923  effort_dev_coffs
1924  effort_dev_coffs
1925  effort_dev_coffs
1926  effort_dev_coffs
1927  effort_dev_coffs
1928  effort_dev_coffs
1929  effort_dev_coffs
1930  effort_dev_coffs
1931  effort_dev_coffs
1932  effort_dev_coffs
1933  effort_dev_coffs
1934  effort_dev_coffs
1935  effort_dev_coffs
1936  effort_dev_coffs
1937  effort_dev_coffs
1938  effort_dev_coffs
1939  effort_dev_coffs
1940  effort_dev_coffs
1941  effort_dev_coffs
1942  effort_dev_coffs
1943  effort_dev_coffs
1944  effort_dev_coffs
1945  effort_dev_coffs
1946  effort_dev_coffs
1947  effort_dev_coffs
1948  effort_dev_coffs
1949  effort_dev_coffs
1950  effort_dev_coffs
1951  effort_dev_coffs
1952  effort_dev_coffs
1953  effort_dev_coffs
1954  effort_dev_coffs
1955  effort_dev_coffs
1956  effort_dev_coffs
1957  effort_dev_coffs
1958  effort_dev_coffs
1959  effort_dev_coffs
1960  effort_dev_coffs
1961  effort_dev_coffs
1962  effort_dev_coffs
1963  effort_dev_coffs
1964  effort_dev_coffs
1965  effort_dev_coffs
1966  effort_dev_coffs
1967  effort_dev_coffs
1968  effort_dev_coffs
1969  effort_dev_coffs
1970  effort_dev_coffs
1971  effort_dev_coffs
1972  effort_dev_coffs
1973  effort_dev_coffs
1974  effort_dev_coffs
1975  effort_dev_coffs
1976  effort_dev_coffs
1977  effort_dev_coffs
1978  effort_dev_coffs
1979  effort_dev_coffs
1980  effort_dev_coffs
1981  effort_dev_coffs
1982  effort_dev_coffs
1983  effort_dev_coffs
1984  effort_dev_coffs
1985  effort_dev_coffs
1986  effort_dev_coffs
1987  effort_dev_coffs
1988  effort_dev_coffs
1989  effort_dev_coffs
1990  effort_dev_coffs
1991  effort_dev_coffs
1992  effort_dev_coffs
1993  effort_dev_coffs
1994  effort_dev_coffs
1995  effort_dev_coffs
1996  effort_dev_coffs
1997  effort_dev_coffs
1998  effort_dev_coffs
1999  effort_dev_coffs
2000  effort_dev_coffs
2001  effort_dev_coffs
2002  effort_dev_coffs
2003  effort_dev_coffs
2004  effort_dev_coffs
2005  effort_dev_coffs
2006  effort_dev_coffs
2007  effort_dev_coffs
2008  effort_dev_coffs
2009  effort_dev_coffs
2010  effort_dev_coffs
2011  effort_dev_coffs
2012  effort_dev_coffs
2013  effort_dev_coffs
2014  effort_dev_coffs
2015  effort_dev_coffs
2016  effort_dev_coffs
2017  effort_dev_coffs
2018  effort_dev_coffs
2019  effort_dev_coffs
2020  effort_dev_coffs
2021  effort_dev_coffs
2022  effort_dev_coffs
2023  effort_dev_coffs
2024  effort_dev_coffs
2025  effort_dev_coffs
2026  effort_dev_coffs
2027  effort_dev_coffs
2028  effort_dev_coffs
2029  effort_dev_coffs
2030  effort_dev_coffs
2031  effort_dev_coffs
2032  effort_dev_coffs
2033  effort_dev_coffs
2034  effort_dev_coffs
2035  effort_dev_coffs
2036  effort_dev_coffs
2037  effort_dev_coffs
2038  effort_dev_coffs
2039  effort_dev_coffs
2040  effort_dev_coffs
2041  effort_dev_coffs
2042  effort_dev_coffs
2043  effort_dev_coffs
2044  effort_dev_coffs
2045  effort_dev_coffs
2046  effort_dev_coffs
2047  effort_dev_coffs
2048  effort_dev_coffs
2049  effort_dev_coffs
2050  effort_dev_coffs
2051  effort_dev_coffs
2052  effort_dev_coffs
2053  effort_dev_coffs
2054  effort_dev_coffs
2055  effort_dev_coffs
2056  effort_dev_coffs
2057  effort_dev_coffs
2058  effort_dev_coffs
2059  effort_dev_coffs
2060  effort_dev_coffs
2061  effort_dev_coffs
2062  effort_dev_coffs
2063  effort_dev_coffs
2064  effort_dev_coffs
2065  effort_dev_coffs
2066  effort_dev_coffs
2067  effort_dev_coffs
2068  effort_dev_coffs
2069  effort_dev_coffs
2070  effort_dev_coffs
2071  effort_dev_coffs
2072  effort_dev_coffs
2073  effort_dev_coffs
2074  effort_dev_coffs
2075  effort_dev_coffs
2076  effort_dev_coffs
2077  effort_dev_coffs
2078  effort_dev_coffs
2079  effort_dev_coffs
2080  effort_dev_coffs
2081  effort_dev_coffs
2082  effort_dev_coffs
2083  effort_dev_coffs
2084  effort_dev_coffs
2085  effort_dev_coffs
2086  effort_dev_coffs
2087  effort_dev_coffs
2088  effort_dev_coffs
2089  effort_dev_coffs
2090  effort_dev_coffs
2091  effort_dev_coffs
2092  effort_dev_coffs
2093  effort_dev_coffs
2094  effort_dev_coffs
2095  effort_dev_coffs
2096  effort_dev_coffs
2097  effort_dev_coffs
2098  effort_dev_coffs
2099  effort_dev_coffs
2100  effort_dev_coffs
2101  effort_dev_coffs
2102  effort_dev_coffs
2103  effort_dev_coffs
2104  effort_dev_coffs
2105  effort_dev_coffs
2106  effort_dev_coffs
2107  effort_dev_coffs
2108  effort_dev_coffs
2109  effort_dev_coffs
2110  effort_dev_coffs
2111  effort_dev_coffs
2112  effort_dev_coffs
2113  effort_dev_coffs
2114  effort_dev_coffs
2115  effort_dev_coffs
2116  effort_dev_coffs
2117  effort_dev_coffs
2118  effort_dev_coffs
2119  effort_dev_coffs
2120  effort_dev_coffs
2121  effort_dev_coffs
2122  effort_dev_coffs
2123  effort_dev_coffs
2124  effort_dev_coffs
2125  effort_dev_coffs
2126  effort_dev_coffs
2127  effort_dev_coffs
2128  effort_dev_coffs
2129  effort_dev_coffs
2130  effort_dev_coffs
2131  effort_dev_coffs
2132  effort_dev_coffs
2133  effort_dev_coffs
2134  effort_dev_coffs
2135  effort_dev_coffs
2136  effort_dev_coffs
2137  effort_dev_coffs
2138  effort_dev_coffs
2139  effort_dev_coffs
2140  effort_dev_coffs
2141  effort_dev_coffs
2142  effort_dev_coffs
2143  effort_dev_coffs
2144  effort_dev_coffs
2145  effort_dev_coffs
2146  effort_dev_coffs
2147  effort_dev_coffs
2148  effort_dev_coffs
2149  effort_dev_coffs
2150  effort_dev_coffs
2151  effort_dev_coffs
2152  effort_dev_coffs
2153  effort_dev_coffs
2154  effort_dev_coffs
2155  effort_dev_coffs
2156  effort_dev_coffs
2157  effort_dev_coffs
2158  effort_dev_coffs
2159  effort_dev_coffs
2160  effort_dev_coffs
2161  effort_dev_coffs
2162  effort_dev_coffs
2163  effort_dev_coffs
2164  effort_dev_coffs
2165  effort_dev_coffs
2166  effort_dev_coffs
2167  effort_dev_coffs
2168  effort_dev_coffs
2169  effort_dev_coffs
2170  effort_dev_coffs
2171  effort_dev_coffs
2172  effort_dev_coffs
2173  effort_dev_coffs
2174  effort_dev_coffs
2175  effort_dev_coffs
2176  effort_dev_coffs
2177  effort_dev_coffs
2178  effort_dev_coffs
2179  effort_dev_coffs
2180  effort_dev_coffs
2181  effort_dev_coffs
2182  effort_dev_coffs
2183  effort_dev_coffs
2184  effort_dev_coffs
2185  effort_dev_coffs
2186  effort_dev_coffs
2187  effort_dev_coffs
2188  effort_dev_coffs
2189  effort_dev_coffs
2190  effort_dev_coffs
2191  effort_dev_coffs
2192  effort_dev_coffs
2193  effort_dev_coffs
2194  effort_dev_coffs
2195  effort_dev_coffs
2196  effort_dev_coffs
2197  effort_dev_coffs
2198  effort_dev_coffs
2199  effort_dev_coffs
2200  effort_dev_coffs
2201  effort_dev_coffs
2202  effort_dev_coffs
2203  effort_dev_coffs
2204  effort_dev_coffs
2205  effort_dev_coffs
2206  effort_dev_coffs
2207  effort_dev_coffs
2208  effort_dev_coffs
2209  effort_dev_coffs
2210  effort_dev_coffs
2211  effort_dev_coffs
2212  effort_dev_coffs
2213  effort_dev_coffs
2214  effort_dev_coffs
2215  effort_dev_coffs
2216  effort_dev_coffs
2217  effort_dev_coffs
2218  effort_dev_coffs
2219  effort_dev_coffs
2220  effort_dev_coffs
2221  effort_dev_coffs
2222  effort_dev_coffs
2223  effort_dev_coffs
2224  effort_dev_coffs
2225  effort_dev_coffs
2226  effort_dev_coffs
2227  effort_dev_coffs
2228  effort_dev_coffs
2229  effort_dev_coffs
2230  effort_dev_coffs
2231  effort_dev_coffs
2232  effort_dev_coffs
2233  effort_dev_coffs
2234  effort_dev_coffs
2235  effort_dev_coffs
2236  effort_dev_coffs
2237  effort_dev_coffs
2238  effort_dev_coffs
2239  effort_dev_coffs
2240  effort_dev_coffs
2241  effort_dev_coffs
2242  effort_dev_coffs
2243  effort_dev_coffs
2244  effort_dev_coffs
2245  effort_dev_coffs
2246  effort_dev_coffs
2247  effort_dev_coffs
2248  effort_dev_coffs
2249  effort_dev_coffs
2250  effort_dev_coffs
2251  effort_dev_coffs
2252  effort_dev_coffs
2253  effort_dev_coffs
2254  effort_dev_coffs
2255  effort_dev_coffs
2256  effort_dev_coffs
2257  effort_dev_coffs
2258  effort_dev_coffs
2259  effort_dev_coffs
2260  effort_dev_coffs
2261  effort_dev_coffs
2262  effort_dev_coffs
2263  effort_dev_coffs
2264  effort_dev_coffs
2265  effort_dev_coffs
2266  effort_dev_coffs
2267  effort_dev_coffs
2268  effort_dev_coffs
2269  effort_dev_coffs
2270  effort_dev_coffs
2271  effort_dev_coffs
2272  effort_dev_coffs
2273  effort_dev_coffs
2274  effort_dev_coffs
2275  effort_dev_coffs
2276  effort_dev_coffs
2277  effort_dev_coffs
2278  effort_dev_coffs
2279  effort_dev_coffs
2280  effort_dev_coffs
2281  effort_dev_coffs
2282  effort_dev_coffs
2283  effort_dev_coffs
2284  effort_dev_coffs
2285  effort_dev_coffs
2286  effort_dev_coffs
2287  effort_dev_coffs
2288  effort_dev_coffs
2289  effort_dev_coffs
2290  effort_dev_coffs
2291  effort_dev_coffs
2292  effort_dev_coffs
2293  effort_dev_coffs
2294  effort_dev_coffs
2295  effort_dev_coffs
2296  effort_dev_coffs
2297  effort_dev_coffs
2298  effort_dev_coffs
2299  effort_dev_coffs
2300  effort_dev_coffs
2301  effort_dev_coffs
2302  effort_dev_coffs
2303  effort_dev_coffs
2304  effort_dev_coffs
2305  effort_dev_coffs
2306  effort_dev_coffs
2307  effort_dev_coffs
2308  effort_dev_coffs
2309  effort_dev_coffs
2310  effort_dev_coffs
2311  effort_dev_coffs
2312  effort_dev_coffs
2313  effort_dev_coffs
2314  effort_dev_coffs
2315  effort_dev_coffs
2316  effort_dev_coffs
2317  effort_dev_coffs
2318  effort_dev_coffs
2319  effort_dev_coffs
2320  effort_dev_coffs
2321  effort_dev_coffs
2322  effort_dev_coffs
2323  effort_dev_coffs
2324  effort_dev_coffs
2325  effort_dev_coffs
2326  effort_dev_coffs
2327  effort_dev_coffs
2328  effort_dev_coffs
2329  effort_dev_coffs
2330  effort_dev_coffs
2331  effort_dev_coffs
2332  effort_dev_coffs
2333  effort_dev_coffs
2334  effort_dev_coffs
2335  effort_dev_coffs
2336  effort_dev_coffs
2337  effort_dev_coffs
2338  effort_dev_coffs
2339  effort_dev_coffs
2340  effort_dev_coffs
2341  effort_dev_coffs
2342  effort_dev_coffs
2343  effort_dev_coffs
2344  effort_dev_coffs
2345  effort_dev_coffs
2346  effort_dev_coffs
2347  effort_dev_coffs
2348  effort_dev_coffs
2349  effort_dev_coffs
2350  effort_dev_coffs
2351  effort_dev_coffs
2352  effort_dev_coffs
2353  effort_dev_coffs
2354  effort_dev_coffs
2355  effort_dev_coffs
2356  effort_dev_coffs
2357  effort_dev_coffs
2358  effort_dev_coffs
2359     q0
2360     q0
2361     q0
2362     q0
2363     q0
2364     q0
2365     q0
2366     q0
2367     q0
2368     q0
2369     q0
2370     q0
2371     q0
2372     q0
2373     q0
2374     q0
2375  bs_selcoff
2376  bs_selcoff
2377  bs_selcoff
2378  bs_selcoff
2379  bs_selcoff
2380  bs_selcoff
2381  bs_selcoff
2382  bs_selcoff
2383  bs_selcoff
2384  bs_selcoff
2385  bs_selcoff
2386  bs_selcoff
2387  bs_selcoff
2388  bs_selcoff
2389  bs_selcoff
2390  bs_selcoff
2391  bs_selcoff
2392  bs_selcoff
2393  bs_selcoff
2394  bs_selcoff
2395  bs_selcoff
2396  bs_selcoff
2397  bs_selcoff
2398  bs_selcoff
2399  bs_selcoff
2400  bs_selcoff
2401  bs_selcoff
2402  bs_selcoff
2403  bs_selcoff
2404  bs_selcoff
2405  bs_selcoff
2406  bs_selcoff
2407  bs_selcoff
2408  bs_selcoff
2409  bs_selcoff
2410  bs_selcoff
2411  bs_selcoff
2412  bs_selcoff
2413  bs_selcoff
2414  bs_selcoff
2415  bs_selcoff
2416  bs_selcoff
2417  bs_selcoff
2418  bs_selcoff
2419  bs_selcoff
2420  bs_selcoff
2421  bs_selcoff
2422  bs_selcoff
2423  bs_selcoff
2424  bs_selcoff
2425  bs_selcoff
2426  bs_selcoff
2427  bs_selcoff
2428  bs_selcoff
2429  bs_selcoff
2430  bs_selcoff
2431  bs_selcoff
2432  bs_selcoff
2433  recr
2434  recr
2435  recr
2436  recr
2437  recr
2438  recr
2439  recr
2440  recr
2441  recr
2442  recr
2443  recr
2444  recr
2445  recr
2446  recr
2447  recr
2448  recr
2449  recr
2450  recr
2451  recr
2452  recr
2453  recr
2454  recr
2455  recr
2456  recr
2457  recr
2458  recr
2459  recr
2460  recr
2461  recr
2462  recr
2463  recr
2464  recr
2465  recr
2466  recr
2467  recr
2468  recr
2469  recr
2470  recr
2471  recr
2472  recr
2473  recr
2474  recr
2475  recr
2476  recr
2477  recr
2478  recr
2479  recr
2480  recr
2481  recr
2482  recr
2483  recr
2484  recr
2485  recr
2486  recr
2487  recr
2488  recr
2489  recr
2490  recr
2491  recr
2492  recr
2493  recr
2494  recr
2495  recr
2496  recr
2497  recr
2498  totpop
2499  fish_pars(1)
2500  fish_pars(1)
2501  fish_pars(1)
2502  fish_pars(2)
2503  fish_pars(2)
2504  fish_pars(2)
2505  region_pars(1)
2506  region_pars(1)
2507  sv(21)
2508  var_coff(1)
2509  var_coff(2)
